// Jest Snapshot v1, https://goo.gl/fbAQLP

exports[`mq get MQSC command should not have changed 1`] = `
Object {
  "aliases": Array [
    "mqsc",
  ],
  "description": "MQ Utils",
  "examples": Array [
    Object {
      "description": "The following sequence shows how to query a server-connection channel that is
                    called NEWSVRCONN on an MQ queue manager - our example queue manager is called MQ99",
      "options": "MQ99 'DISPLAY CHANNEL(NEWSVRCONN)'",
    },
  ],
  "name": "mqsc",
  "options": Array [
    Object {
      "description": "The cross site forgery field",
      "name": "csrf",
      "type": "string",
    },
  ],
  "positionals": Array [
    Object {
      "description": "The queue manager to apply the command to",
      "name": "queuemgr",
      "required": true,
      "type": "string",
    },
    Object {
      "description": "The MQ command",
      "name": "cmd",
      "required": true,
      "type": "string",
    },
  ],
  "profile": Object {
    "required": Array [
      "mq",
    ],
  },
  "summary": "MQ Utility Functions",
  "type": "command",
}
`;
